  staged libmain.so  <- build/android-arm64/GeneralsMD/Code/Main/libmain.so
  staged libdxvk_d3d8.so  <- build/android-arm64/libdxvk_d3d8.so
  staged libdxvk_d3d9.so  <- build/android-arm64/libdxvk_d3d9.so
  staged libSDL3_image.so  <- build/android-arm64/_deps/sdl3_image-build/libSDL3_image.so
  staged libSDL3.so  <- build/android-arm64/_deps/sdl3-build/libSDL3.so
  staged libgamespy.so  <- build/android-arm64/libgamespy.so
  staged libopenal.so  <- build/android-arm64/_deps/openal_soft-build/libopenal.so
  staged libc++_shared.so  <- /opt/hostedtoolcache/ndk/r27c/x64/toolchains/llvm/prebuilt/linux-x86_64/sysroot/usr/lib/aarch64-linux-android/libc++_shared.so
==> 8 libraries, 39M staged in android/app/jniLibs/arm64-v8a
==> Downloading Liberation fonts 2.1.5
  % Total    % Received % Xferd  Average Speed   Time    Time     Time  Current
                                 Dload  Upload   Total   Spent    Left  Speed
  0     0    0     0    0     0      0      0 --:--:-- --:--:-- --:--:--     0  0     0    0     0    0     0      0      0 --:--:-- --:--:-- --:--:--     0
100 2329k  100 2329k    0     0  5112k      0 --:--:-- --:--:-- --:--:-- 5112k
/tmp/tmp.IpaUZt9YBy/liberation.tar.gz: OK
==> Staged APK game-data assets:
    dxvk.conf
    fonts/LICENSE-Liberation.txt
    fonts/arialbold.ttf
    fonts/couriernew.ttf
    fonts/timesnewroman.ttf
    fonts/arial.ttf
    DefaultOptions.ini
