CMake Deprecation Warning at /opt/hostedtoolcache/ndk/r27c/x64/build/cmake/android.toolchain.cmake:35 (cmake_minimum_required):
  Compatibility with CMake < 3.10 will be removed from a future version of
  CMake.

  Update the VERSION argument <min> value.  Or, use the <min>...<max> syntax
  to tell CMake that the project requires at least <min> but has been updated
  to work with policies introduced by <max> or earlier.
Call Stack (most recent call first):
  /home/runner/vcpkg/scripts/buildsystems/vcpkg.cmake:209 (include)
  /usr/local/share/cmake-3.31/Modules/CMakeDetermineSystem.cmake:146 (include)
  CMakeLists.txt:34 (project)

Preset CMake variables:

  ANDROID_ABI="arm64-v8a"
  ANDROID_PLATFORM="android-29"
  ANDROID_STL="c++_shared"
  CMAKE_BUILD_TYPE="RelWithDebInfo"
  CMAKE_EXPORT_COMPILE_COMMANDS="ON"
  CMAKE_MSVC_DEBUG_INFORMATION_FORMAT="$<$<CONFIG:Release,Debug,RelWithDebInfo>:Embedded>"
  CMAKE_MSVC_RUNTIME_LIBRARY="MultiThreaded$<$<CONFIG:Debug>:Debug>DLL"
  CMAKE_TOOLCHAIN_FILE="/home/runner/vcpkg/scripts/buildsystems/vcpkg.cmake"
  RTS_BUILD_CORE_TOOLS="OFF"
  RTS_BUILD_GENERALS="OFF"
  RTS_BUILD_OPTION_FFMPEG="ON"
  RTS_BUILD_OPTION_SAGE_PATCH="OFF"
  RTS_BUILD_ZEROHOUR_EXTRAS="OFF"
  RTS_BUILD_ZEROHOUR_TOOLS="OFF"
  RTS_CRASHDUMP_ENABLE="OFF"
  SAGE_UPDATE_CHECK="OFF"
  SAGE_USE_DX8="OFF"
  SAGE_USE_GLM="ON"
  SAGE_USE_OPENAL="ON"
  SAGE_USE_SDL3="ON"
  VCPKG_CHAINLOAD_TOOLCHAIN_FILE="/opt/hostedtoolcache/ndk/r27c/x64/build/cmake/android.toolchain.cmake"
  VCPKG_OVERLAY_TRIPLETS="/home/runner/work/zh-mobile/zh-mobile/cmake/triplets"
  VCPKG_TARGET_TRIPLET="arm64-android-zh"

Preset environment variables:

  PKG_CONFIG_PATH=""


CMake Deprecation Warning at /opt/hostedtoolcache/ndk/r27c/x64/build/cmake/android-legacy.toolchain.cmake:35 (cmake_minimum_required):
  Compatibility with CMake < 3.10 will be removed from a future version of
  CMake.

  Update the VERSION argument <min> value.  Or, use the <min>...<max> syntax
  to tell CMake that the project requires at least <min> but has been updated
  to work with policies introduced by <max> or earlier.
Call Stack (most recent call first):
  /opt/hostedtoolcache/ndk/r27c/x64/build/cmake/android.toolchain.cmake:55 (include)
  /home/runner/vcpkg/scripts/buildsystems/vcpkg.cmake:209 (include)
  /usr/local/share/cmake-3.31/Modules/CMakeDetermineSystem.cmake:146 (include)
  CMakeLists.txt:34 (project)


-- Running vcpkg install
error: no version database entry for ffmpeg at 8.1.1#2.
Available versions:
  7.1.1#1
  7.1.1
  7.1#3
  7.1#2
  7.1#1
  7.1
  7.0.2#7
  7.0.2#6
  7.0.2#5
  7.0.2#4
  7.0.2#3
  7.0.2#2
  7.0.2#1
  7.0.2
  7.0
  6.1.1#11
  6.1.1#10
  6.1.1#9
  6.1.1#8
  6.1.1#7
  6.1.1#6
  6.1.1#5
  6.1.1#4
  6.1.1#3
  6.1.1#2
  6.1.1#1
  6.1.1
  6.1#2
  6.1#1
  6.1
  6.0#2
  6.0#1
  6.0
  5.1.2#10
  5.1.2#9
  5.1.2#8
  5.1.2#7
  5.1.2#6
  5.1.2#5
  5.1.2#4
  5.1.2#3
  5.1.2#2
  5.1.2#1
  5.1.2
  5.0.2#3
  5.0.2#2
  5.0.2#1
  5.0.2
  5.0.0
  4.4.3#3
  4.4.3#2
  4.4.3#1
  4.4.3
  4.4.1#22
  4.4.1#21
  4.4.1#20
  4.4.1#19
  4.4.1#18
  4.4.1#17
  4.4.1#16
  4.4.1#15
  4.4.1#14
  4.4.1#13
  4.4.1#12
  4.4.1#11
  4.4.1#10
  4.4.1#9
  4.4.1#8
  4.4.1#7
  4.4.1#6
  4.4.1#5
  4.4.1#4
  4.4.1#3
  4.4.1#2
  4.4.1#1
  4.4.1
  4.4#18
  4.4#17
  4.4#16
  4.4#15
  4.4#14
  4.4#13
  4.4#12
  4.4#11
  4.4#10
  4.4#9
  4.4#8
  4.4#7
  4.4#6
  4.4#5
  4.4#4
  4.4#3
  4.4#2
  4.4#1
  4.4
  4.3.2#11
  4.3.2#10
  4.3.2#9
  4.3.2#8
  4.3.2#7
  4.3.2#6
  4.3.2#5
  4.3.2#4
  4.3.2#3
  4.3.2#2
  4.3.2#1
  4.3.2
  4.3.1#12
  4.3.1#11
  4.3.1#10
  4.3.1#9
  4.3.1#8
  4.3.1#7
  4.3.1#6
  4.3.1#5
  4.3.1#4
  4.3.1#3
  4.3.1#2
  4.3.1#1
  4.3.1
  4.2#26
  4.2#25
  4.2#24
  4.2#23
  4.2#22
  4.2#21
  4.2#20
  4.2#18
  4.2#17
  4.2#16
  4.2#14
  4.2-13
  4.2-12
  4.2-11
  4.2-10
  4.2-9
  4.2-8
  4.2-7
  4.2-6
  4.2-5
  4.2-4
  4.2-3
  4.2-2
  4.2-1
  4.2
  4.1-3
  4.1-2
  4.1-1
  4.1
  3.3.3-5
  3.3.3-4
  3.3.3-3
  3.3.3-2
  3.3.3-1
  3.3.3
  3.2.4-3
  3.2.4-2
  3.2.4-1
  3.2.4
See `vcpkg help versioning` or https://learn.microsoft.com/vcpkg/users/versioning?WT.mc_id=vcpkg_inproduct_cli for more information.
See https://learn.microsoft.com/vcpkg/users/versioning-troubleshooting?WT.mc_id=vcpkg_inproduct_cli for more information.
note: updating vcpkg by rerunning bootstrap-vcpkg may resolve this failure.
note: while loading ffmpeg@8.1.1#2

-- Running vcpkg install - failed
CMake Error at /home/runner/vcpkg/scripts/buildsystems/vcpkg.cmake:938 (message):
  vcpkg install failed.  See logs for more information:
  /home/runner/work/zh-mobile/zh-mobile/build/android-arm64/vcpkg-manifest-install.log
Call Stack (most recent call first):
  /usr/local/share/cmake-3.31/Modules/CMakeDetermineSystem.cmake:146 (include)
  CMakeLists.txt:34 (project)


CMake Error: CMake was unable to find a build program corresponding to "Ninja".  CMAKE_MAKE_PROGRAM is not set.  You probably need to select a different build tool.
-- Configuring incomplete, errors occurred!
